../Middlewares/Third_Party/lwIP/src/core/tcp.c:201:1:tcp_init	8	static
../Middlewares/Third_Party/lwIP/src/core/tcp.c:210:1:tcp_free	16	static
../Middlewares/Third_Party/lwIP/src/core/tcp.c:221:1:tcp_free_listen	16	static
../Middlewares/Third_Party/lwIP/src/core/tcp.c:234:1:tcp_tmr	8	static
../Middlewares/Third_Party/lwIP/src/core/tcp.c:251:1:tcp_remove_listener	24	static
../Middlewares/Third_Party/lwIP/src/core/tcp.c:269:1:tcp_listen_closed	24	static
../Middlewares/Third_Party/lwIP/src/core/tcp.c:348:1:tcp_close_shutdown	48	static
../Middlewares/Third_Party/lwIP/src/core/tcp.c:409:1:tcp_close_shutdown_fin	24	static
../Middlewares/Third_Party/lwIP/src/core/tcp.c:484:1:tcp_close	16	static
../Middlewares/Third_Party/lwIP/src/core/tcp.c:515:1:tcp_shutdown	24	static
../Middlewares/Third_Party/lwIP/src/core/tcp.c:563:1:tcp_abandon	64	static
../Middlewares/Third_Party/lwIP/src/core/tcp.c:638:1:tcp_abort	16	static
../Middlewares/Third_Party/lwIP/src/core/tcp.c:662:1:tcp_bind	40	static
../Middlewares/Third_Party/lwIP/src/core/tcp.c:764:1:tcp_bind_netif	16	static
../Middlewares/Third_Party/lwIP/src/core/tcp.c:779:1:tcp_accept_null	24	static
../Middlewares/Third_Party/lwIP/src/core/tcp.c:826:1:tcp_listen_with_backlog	16	static
../Middlewares/Third_Party/lwIP/src/core/tcp.c:849:1:tcp_listen_with_backlog_and_err	40	static
../Middlewares/Third_Party/lwIP/src/core/tcp.c:934:1:tcp_update_rcv_ann_wnd	24	static
../Middlewares/Third_Party/lwIP/src/core/tcp.c:972:1:tcp_recved	24	static
../Middlewares/Third_Party/lwIP/src/core/tcp.c:1015:1:tcp_new_port	16	static
../Middlewares/Third_Party/lwIP/src/core/tcp.c:1071:1:tcp_connect	48	static
../Middlewares/Third_Party/lwIP/src/core/tcp.c:1196:1:tcp_slowtmr	80	static
../Middlewares/Third_Party/lwIP/src/core/tcp.c:1483:1:tcp_fasttmr	16	static
../Middlewares/Third_Party/lwIP/src/core/tcp.c:1530:1:tcp_txnow	16	static
../Middlewares/Third_Party/lwIP/src/core/tcp.c:1543:1:tcp_process_refused_data	32	static
../Middlewares/Third_Party/lwIP/src/core/tcp.c:1612:1:tcp_segs_free	24	static
../Middlewares/Third_Party/lwIP/src/core/tcp.c:1627:1:tcp_seg_free	16	static
../Middlewares/Third_Party/lwIP/src/core/tcp.c:1648:1:tcp_setprio	16	static
../Middlewares/Third_Party/lwIP/src/core/tcp.c:1666:1:tcp_seg_copy	24	static
../Middlewares/Third_Party/lwIP/src/core/tcp.c:1688:1:tcp_recv_null	24	static
../Middlewares/Third_Party/lwIP/src/core/tcp.c:1710:1:tcp_kill_prio	32	static
../Middlewares/Third_Party/lwIP/src/core/tcp.c:1756:1:tcp_kill_state	32	static
../Middlewares/Third_Party/lwIP/src/core/tcp.c:1788:1:tcp_kill_timewait	24	static
../Middlewares/Third_Party/lwIP/src/core/tcp.c:1815:1:tcp_handle_closepend	16	static
../Middlewares/Third_Party/lwIP/src/core/tcp.c:1838:1:tcp_alloc	24	static
../Middlewares/Third_Party/lwIP/src/core/tcp.c:1953:1:tcp_new	8	static
../Middlewares/Third_Party/lwIP/src/core/tcp.c:1971:1:tcp_new_ip_type	24	static
../Middlewares/Third_Party/lwIP/src/core/tcp.c:1997:1:tcp_arg	16	static
../Middlewares/Third_Party/lwIP/src/core/tcp.c:2020:1:tcp_recv	16	static
../Middlewares/Third_Party/lwIP/src/core/tcp.c:2040:1:tcp_sent	16	static
../Middlewares/Third_Party/lwIP/src/core/tcp.c:2066:1:tcp_err	16	static
../Middlewares/Third_Party/lwIP/src/core/tcp.c:2086:1:tcp_accept	24	static
../Middlewares/Third_Party/lwIP/src/core/tcp.c:2115:1:tcp_poll	24	static
../Middlewares/Third_Party/lwIP/src/core/tcp.c:2137:1:tcp_pcb_purge	16	static
../Middlewares/Third_Party/lwIP/src/core/tcp.c:2187:1:tcp_pcb_remove	24	static
../Middlewares/Third_Party/lwIP/src/core/tcp.c:2225:1:tcp_next_iss	16	static
../Middlewares/Third_Party/lwIP/src/core/tcp.c:2248:1:tcp_eff_send_mss_netif	32	static
../Middlewares/Third_Party/lwIP/src/core/tcp.c:2309:1:tcp_netif_ip_addr_changed_pcblist	24	static
../Middlewares/Third_Party/lwIP/src/core/tcp.c:2341:1:tcp_netif_ip_addr_changed	24	static
../Middlewares/Third_Party/lwIP/src/core/tcp.c:2364:1:tcp_debug_state_str	16	static
../Middlewares/Third_Party/lwIP/src/core/tcp.c:2370:1:tcp_tcp_get_tcp_addrinfo	24	static
../Middlewares/Third_Party/lwIP/src/core/tcp.c:2396:1:tcp_free_ooseq	16	static
