../Middlewares/Third_Party/lwIP/src/core/timeouts.c:142:1:tcpip_tcp_timer	16	static
../Middlewares/Third_Party/lwIP/src/core/timeouts.c:164:1:tcp_timer_needed	8	static
../Middlewares/Third_Party/lwIP/src/core/timeouts.c:181:1:sys_timeout_abs	32	static
../Middlewares/Third_Party/lwIP/src/core/timeouts.c:230:1:lwip_cyclic_timer	32	static
../Middlewares/Third_Party/lwIP/src/core/timeouts.c:262:6:sys_timeouts_init	16	static
../Middlewares/Third_Party/lwIP/src/core/timeouts.c:288:1:sys_timeout	32	static
../Middlewares/Third_Party/lwIP/src/core/timeouts.c:315:1:sys_untimeout	24	static
../Middlewares/Third_Party/lwIP/src/core/timeouts.c:353:1:sys_check_timeouts	32	static
../Middlewares/Third_Party/lwIP/src/core/timeouts.c:407:1:sys_restart_timeouts	24	static
../Middlewares/Third_Party/lwIP/src/core/timeouts.c:429:1:sys_timeouts_sleeptime	16	static
