../Middlewares/Third_Party/lwIP/src/apps/sntp/sntp.c:290:1:sntp_process	24	static
../Middlewares/Third_Party/lwIP/src/apps/sntp/sntp.c:340:1:sntp_initialize_request	16	static
../Middlewares/Third_Party/lwIP/src/apps/sntp/sntp.c:370:1:sntp_retry	24	static
../Middlewares/Third_Party/lwIP/src/apps/sntp/sntp.c:456:1:sntp_recv	40	static
../Middlewares/Third_Party/lwIP/src/apps/sntp/sntp.c:560:1:sntp_send_request	24	static
../Middlewares/Third_Party/lwIP/src/apps/sntp/sntp.c:625:1:sntp_request	24	static
../Middlewares/Third_Party/lwIP/src/apps/sntp/sntp.c:671:1:sntp_init	8	static
../Middlewares/Third_Party/lwIP/src/apps/sntp/sntp.c:710:1:sntp_stop	16	static
../Middlewares/Third_Party/lwIP/src/apps/sntp/sntp.c:731:6:sntp_enabled	4	static
../Middlewares/Third_Party/lwIP/src/apps/sntp/sntp.c:742:1:sntp_setoperatingmode	16	static
../Middlewares/Third_Party/lwIP/src/apps/sntp/sntp.c:755:1:sntp_getoperatingmode	4	static
../Middlewares/Third_Party/lwIP/src/apps/sntp/sntp.c:768:1:sntp_getreachability	16	static
../Middlewares/Third_Party/lwIP/src/apps/sntp/sntp.c:801:1:sntp_setserver	16	static
../Middlewares/Third_Party/lwIP/src/apps/sntp/sntp.c:882:1:sntp_getserver	16	static
../Middlewares/Third_Party/lwIP/src/apps/sntp/sntp.c:899:1:sntp_getkodreceived	16	static
