../Core/Src/enc28j60.c:35:6:SetCS	16	static
../Core/Src/enc28j60.c:43:7:WriteBytes	24	static
../Core/Src/enc28j60.c:51:6:WriteByte	24	static
../Core/Src/enc28j60.c:59:10:ReadByte	24	static
../Core/Src/enc28j60.c:70:18:getRegType	24	static
../Core/Src/enc28j60.c:79:19:getRegBank	24	static
../Core/Src/enc28j60.c:88:10:getRegAddr	24	static
../Core/Src/enc28j60.c:97:7:WriteCommand	24	static
../Core/Src/enc28j60.c:107:6:CheckBank	24	static
../Core/Src/enc28j60.c:137:7:BitFieldSet	24	static
../Core/Src/enc28j60.c:151:6:BitFieldClear	24	static
../Core/Src/enc28j60.c:165:9:ReadControlReg	24	static
../Core/Src/enc28j60.c:188:6:WriteControlReg	24	static
../Core/Src/enc28j60.c:202:7:WriteControlRegPair	16	static
../Core/Src/enc28j60.c:211:11:ReadControlRegPair	32	static
../Core/Src/enc28j60.c:221:7:WriteBufferMem	16	static
../Core/Src/enc28j60.c:235:7:ReadBufferMem	24	static
../Core/Src/enc28j60.c:252:7:SystemReset	8	static
../Core/Src/enc28j60.c:265:11:ReadPhyReg	24	static
../Core/Src/enc28j60.c:284:7:WritePhyReg	24	static
../Core/Src/enc28j60.c:298:7:ENC28J60_Init	8	static
../Core/Src/enc28j60.c:345:6:ENC28J60_StartReceiving	8	static
../Core/Src/enc28j60.c:353:6:ethernet_irq_handler	16	static,ignoring_inline_asm
../Core/Src/enc28j60.c:414:6:enc28j60_parseFrame	48	static
../Core/Src/enc28j60.c:496:6:sendreply	24	static
../Core/Src/enc28j60.c:576:6:sendGratuitousARP	16	static
../Core/Src/enc28j60.c:609:6:HAL_GPIO_EXTI_Callback	16	static
