../Core/Src/main.c:88:5:main	16	static
../Core/Src/main.c:220:6:SystemClock_Config	88	static
../Core/Src/main.c:267:13:MX_SPI1_Init	8	static
../Core/Src/main.c:305:13:MX_SPI2_Init	8	static
../Core/Src/main.c:343:13:MX_GPIO_Init	48	static
../Core/Src/main.c:409:6:DWT_Init	4	static
../Core/Src/main.c:415:6:hSPI2_init	8	static
../Core/Src/main.c:427:6:StartDefaultTask	16	static
../Core/Src/main.c:446:6:HAL_TIM_PeriodElapsedCallback	16	static
../Core/Src/main.c:464:6:Error_Handler	4	static,ignoring_inline_asm
