../Middlewares/Third_Party/lwIP/src/apps/mqtt/mqtt.c:171:1:msg_generate_packet_id	16	static
../Middlewares/Third_Party/lwIP/src/apps/mqtt/mqtt.c:185:1:mqtt_ringbuf_put	16	static
../Middlewares/Third_Party/lwIP/src/apps/mqtt/mqtt.c:196:1:mqtt_ringbuf_get_ptr	16	static
../Middlewares/Third_Party/lwIP/src/apps/mqtt/mqtt.c:202:1:mqtt_ringbuf_advance_get_idx	16	static
../Middlewares/Third_Party/lwIP/src/apps/mqtt/mqtt.c:214:1:mqtt_ringbuf_len	24	static
../Middlewares/Third_Party/lwIP/src/apps/mqtt/mqtt.c:235:1:mqtt_output_send	32	static
../Middlewares/Third_Party/lwIP/src/apps/mqtt/mqtt.c:288:1:mqtt_create_request	32	static
../Middlewares/Third_Party/lwIP/src/apps/mqtt/mqtt.c:314:1:mqtt_append_request	32	static
../Middlewares/Third_Party/lwIP/src/apps/mqtt/mqtt.c:343:1:mqtt_delete_request	16	static
../Middlewares/Third_Party/lwIP/src/apps/mqtt/mqtt.c:357:1:mqtt_take_request	24	static
../Middlewares/Third_Party/lwIP/src/apps/mqtt/mqtt.c:392:1:mqtt_request_time_elapsed	24	static
../Middlewares/Third_Party/lwIP/src/apps/mqtt/mqtt.c:421:1:mqtt_clear_requests	24	static
../Middlewares/Third_Party/lwIP/src/apps/mqtt/mqtt.c:437:1:mqtt_init_requests	24	static
../Middlewares/Third_Party/lwIP/src/apps/mqtt/mqtt.c:452:1:mqtt_output_append_u8	16	static
../Middlewares/Third_Party/lwIP/src/apps/mqtt/mqtt.c:458:6:mqtt_output_append_u16	16	static
../Middlewares/Third_Party/lwIP/src/apps/mqtt/mqtt.c:465:1:mqtt_output_append_buf	32	static
../Middlewares/Third_Party/lwIP/src/apps/mqtt/mqtt.c:474:1:mqtt_output_append_string	32	static
../Middlewares/Third_Party/lwIP/src/apps/mqtt/mqtt.c:495:1:mqtt_output_append_fixed_header	16	static
../Middlewares/Third_Party/lwIP/src/apps/mqtt/mqtt.c:515:1:mqtt_output_check_space	32	static
../Middlewares/Third_Party/lwIP/src/apps/mqtt/mqtt.c:538:1:mqtt_close	24	static
../Middlewares/Third_Party/lwIP/src/apps/mqtt/mqtt.c:577:1:mqtt_cyclic_timer	32	static
../Middlewares/Third_Party/lwIP/src/apps/mqtt/mqtt.c:635:1:pub_ack_rec_rel_response	32	static
../Middlewares/Third_Party/lwIP/src/apps/mqtt/mqtt.c:656:1:mqtt_incoming_suback	16	static
../Middlewares/Third_Party/lwIP/src/apps/mqtt/mqtt.c:672:1:mqtt_message_received	72	static
../Middlewares/Third_Party/lwIP/src/apps/mqtt/mqtt.c:843:1:mqtt_parse_incoming	48	static
../Middlewares/Third_Party/lwIP/src/apps/mqtt/mqtt.c:940:1:mqtt_tcp_recv_cb	32	static
../Middlewares/Third_Party/lwIP/src/apps/mqtt/mqtt.c:984:1:mqtt_tcp_sent_cb	32	static
../Middlewares/Third_Party/lwIP/src/apps/mqtt/mqtt.c:1017:1:mqtt_tcp_err_cb	24	static
../Middlewares/Third_Party/lwIP/src/apps/mqtt/mqtt.c:1035:1:mqtt_tcp_poll_cb	24	static
../Middlewares/Third_Party/lwIP/src/apps/mqtt/mqtt.c:1052:1:mqtt_tcp_connect_cb	32	static
../Middlewares/Third_Party/lwIP/src/apps/mqtt/mqtt.c:1105:1:mqtt_publish	56	static
../Middlewares/Third_Party/lwIP/src/apps/mqtt/mqtt.c:1181:1:mqtt_sub_unsub	56	static
../Middlewares/Third_Party/lwIP/src/apps/mqtt/mqtt.c:1246:1:mqtt_set_inpub_callback	24	static
../Middlewares/Third_Party/lwIP/src/apps/mqtt/mqtt.c:1262:1:mqtt_client_new	8	static
../Middlewares/Third_Party/lwIP/src/apps/mqtt/mqtt.c:1274:1:mqtt_client_free	16	static
../Middlewares/Third_Party/lwIP/src/apps/mqtt/mqtt.c:1291:1:mqtt_client_connect	64	static
../Middlewares/Third_Party/lwIP/src/apps/mqtt/mqtt.c:1462:1:mqtt_disconnect	16	static
../Middlewares/Third_Party/lwIP/src/apps/mqtt/mqtt.c:1481:1:mqtt_client_is_connected	16	static
