../Middlewares/Third_Party/lwIP/src/core/ipv4/ip4_frag.c:128:1:ip_reass_tmr	24	static
../Middlewares/Third_Party/lwIP/src/core/ipv4/ip4_frag.c:164:1:ip_reass_free_complete_datagram	40	static
../Middlewares/Third_Party/lwIP/src/core/ipv4/ip4_frag.c:229:1:ip_reass_remove_oldest_datagram	48	static
../Middlewares/Third_Party/lwIP/src/core/ipv4/ip4_frag.c:280:1:ip_reass_enqueue_new_datagram	24	static
../Middlewares/Third_Party/lwIP/src/core/ipv4/ip4_frag.c:319:1:ip_reass_dequeue_datagram	16	static
../Middlewares/Third_Party/lwIP/src/core/ipv4/ip4_frag.c:346:1:ip_reass_chain_frag_into_datagram_and_validate	56	static
../Middlewares/Third_Party/lwIP/src/core/ipv4/ip4_frag.c:505:1:ip4_reass	64	static
../Middlewares/Third_Party/lwIP/src/core/ipv4/ip4_frag.c:701:1:ip_frag_alloc_pbuf_custom_ref	8	static
../Middlewares/Third_Party/lwIP/src/core/ipv4/ip4_frag.c:708:1:ip_frag_free_pbuf_custom_ref	16	static
../Middlewares/Third_Party/lwIP/src/core/ipv4/ip4_frag.c:717:1:ipfrag_free_pbuf_custom	24	static
../Middlewares/Third_Party/lwIP/src/core/ipv4/ip4_frag.c:742:1:ip4_frag	88	static
